
==========================================================================
floorplan final report_tns
--------------------------------------------------------------------------
tns max 0.00

==========================================================================
floorplan final report_wns
--------------------------------------------------------------------------
wns max 0.00

==========================================================================
floorplan final report_worst_slack
--------------------------------------------------------------------------
worst slack max 7.05

==========================================================================
floorplan final report_clock_min_period
--------------------------------------------------------------------------
virt period_min = 2.95 fmax = 338.58

==========================================================================
floorplan final report_checks -path_delay min
--------------------------------------------------------------------------
Startpoint: reg_array[2][11]$_DFFE_PP_
            (rising edge-triggered flip-flop clocked by virt)
Endpoint: RD1[11] (output port clocked by virt)
Path Group: virt
Path Type: min

Fanout     Cap    Slew   Delay    Time   Description
-----------------------------------------------------------------------------
                  0.00    0.00    0.00   clock virt (rise edge)
                          0.00    0.00   clock network delay (ideal)
                  0.00    0.00    0.00 ^ reg_array[2][11]$_DFFE_PP_/CLK (sky130_fd_sc_hd__edfxtp_1)
     2    0.01    0.08    0.32    0.32 ^ reg_array[2][11]$_DFFE_PP_/Q (sky130_fd_sc_hd__edfxtp_1)
                                         reg_array[2][11] (net)
                  0.08    0.00    0.32 ^ _240_/A1 (sky130_fd_sc_hd__a221oi_2)
     1    0.00    0.02    0.06    0.38 v _240_/Y (sky130_fd_sc_hd__a221oi_2)
                                         _045_ (net)
                  0.02    0.00    0.38 v _241_/B (sky130_fd_sc_hd__nor2_1)
     1    0.00    0.03    0.04    0.42 ^ _241_/Y (sky130_fd_sc_hd__nor2_1)
                                         RD1[11] (net)
                  0.03    0.00    0.42 ^ RD1[11] (out)
                                  0.42   data arrival time

                  0.00    0.00    0.00   clock virt (rise edge)
                          0.00    0.00   clock network delay (ideal)
                          0.00    0.00   clock reconvergence pessimism
                         -2.00   -2.00   output external delay
                                 -2.00   data required time
-----------------------------------------------------------------------------
                                 -2.00   data required time
                                 -0.42   data arrival time
-----------------------------------------------------------------------------
                                  2.42   slack (MET)



==========================================================================
floorplan final report_checks -path_delay max
--------------------------------------------------------------------------
Startpoint: reg_array[1][10]$_DFFE_PP_
            (rising edge-triggered flip-flop clocked by virt)
Endpoint: RD1[10] (output port clocked by virt)
Path Group: virt
Path Type: max

Fanout     Cap    Slew   Delay    Time   Description
-----------------------------------------------------------------------------
                  0.00    0.00    0.00   clock virt (rise edge)
                          0.00    0.00   clock network delay (ideal)
                  0.00    0.00    0.00 ^ reg_array[1][10]$_DFFE_PP_/CLK (sky130_fd_sc_hd__edfxtp_1)
     2    0.01    0.09    0.36    0.36 v reg_array[1][10]$_DFFE_PP_/Q (sky130_fd_sc_hd__edfxtp_1)
                                         reg_array[1][10] (net)
                  0.09    0.00    0.36 v _229_/A0 (sky130_fd_sc_hd__mux2_1)
     1    0.00    0.05    0.29    0.65 v _229_/X (sky130_fd_sc_hd__mux2_1)
                                         _035_ (net)
                  0.05    0.00    0.65 v _233_/A2 (sky130_fd_sc_hd__a221oi_1)
     1    0.00    0.22    0.27    0.92 ^ _233_/Y (sky130_fd_sc_hd__a221oi_1)
                                         _039_ (net)
                  0.22    0.00    0.92 ^ _234_/B (sky130_fd_sc_hd__nor2_1)
     1    0.00    0.03    0.03    0.95 v _234_/Y (sky130_fd_sc_hd__nor2_1)
                                         RD1[10] (net)
                  0.03    0.00    0.95 v RD1[10] (out)
                                  0.95   data arrival time

                  0.00   10.00   10.00   clock virt (rise edge)
                          0.00   10.00   clock network delay (ideal)
                          0.00   10.00   clock reconvergence pessimism
                         -2.00    8.00   output external delay
                                  8.00   data required time
-----------------------------------------------------------------------------
                                  8.00   data required time
                                 -0.95   data arrival time
-----------------------------------------------------------------------------
                                  7.05   slack (MET)



==========================================================================
floorplan final report_checks -unconstrained
--------------------------------------------------------------------------
Startpoint: reg_array[1][10]$_DFFE_PP_
            (rising edge-triggered flip-flop clocked by virt)
Endpoint: RD1[10] (output port clocked by virt)
Path Group: virt
Path Type: max

Fanout     Cap    Slew   Delay    Time   Description
-----------------------------------------------------------------------------
                  0.00    0.00    0.00   clock virt (rise edge)
                          0.00    0.00   clock network delay (ideal)
                  0.00    0.00    0.00 ^ reg_array[1][10]$_DFFE_PP_/CLK (sky130_fd_sc_hd__edfxtp_1)
     2    0.01    0.09    0.36    0.36 v reg_array[1][10]$_DFFE_PP_/Q (sky130_fd_sc_hd__edfxtp_1)
                                         reg_array[1][10] (net)
                  0.09    0.00    0.36 v _229_/A0 (sky130_fd_sc_hd__mux2_1)
     1    0.00    0.05    0.29    0.65 v _229_/X (sky130_fd_sc_hd__mux2_1)
                                         _035_ (net)
                  0.05    0.00    0.65 v _233_/A2 (sky130_fd_sc_hd__a221oi_1)
     1    0.00    0.22    0.27    0.92 ^ _233_/Y (sky130_fd_sc_hd__a221oi_1)
                                         _039_ (net)
                  0.22    0.00    0.92 ^ _234_/B (sky130_fd_sc_hd__nor2_1)
     1    0.00    0.03    0.03    0.95 v _234_/Y (sky130_fd_sc_hd__nor2_1)
                                         RD1[10] (net)
                  0.03    0.00    0.95 v RD1[10] (out)
                                  0.95   data arrival time

                  0.00   10.00   10.00   clock virt (rise edge)
                          0.00   10.00   clock network delay (ideal)
                          0.00   10.00   clock reconvergence pessimism
                         -2.00    8.00   output external delay
                                  8.00   data required time
-----------------------------------------------------------------------------
                                  8.00   data required time
                                 -0.95   data arrival time
-----------------------------------------------------------------------------
                                  7.05   slack (MET)



==========================================================================
floorplan final report_power
--------------------------------------------------------------------------
Group                  Internal  Switching    Leakage      Total
                          Power      Power      Power      Power (Watts)
----------------------------------------------------------------
Sequential             5.43e-04   4.74e-06   1.02e-09   5.48e-04  90.9%
Combinational          3.59e-05   1.92e-05   7.51e-10   5.51e-05   9.1%
Clock                  0.00e+00   0.00e+00   0.00e+00   0.00e+00   0.0%
Macro                  0.00e+00   0.00e+00   0.00e+00   0.00e+00   0.0%
Pad                    0.00e+00   0.00e+00   0.00e+00   0.00e+00   0.0%
----------------------------------------------------------------
Total                  5.79e-04   2.40e-05   1.77e-09   6.03e-04 100.0%
                          96.0%       4.0%       0.0%
