
==========================================================================
detailed place report_tns
--------------------------------------------------------------------------
tns max 0.00

==========================================================================
detailed place report_wns
--------------------------------------------------------------------------
wns max 0.00

==========================================================================
detailed place report_worst_slack
--------------------------------------------------------------------------
worst slack max 6.49

==========================================================================
detailed place report_clock_min_period
--------------------------------------------------------------------------
virt period_min = 3.51 fmax = 285.18

==========================================================================
detailed place report_checks -path_delay min
--------------------------------------------------------------------------
Startpoint: reg_array[2][12]$_DFFE_PP_
            (rising edge-triggered flip-flop clocked by virt)
Endpoint: RD1[12] (output port clocked by virt)
Path Group: virt
Path Type: min

Fanout     Cap    Slew   Delay    Time   Description
-----------------------------------------------------------------------------
                  0.00    0.00    0.00   clock virt (rise edge)
                          0.00    0.00   clock network delay (ideal)
                  0.00    0.00    0.00 ^ reg_array[2][12]$_DFFE_PP_/CLK (sky130_fd_sc_hd__edfxtp_1)
     2    0.01    0.09    0.34    0.34 ^ reg_array[2][12]$_DFFE_PP_/Q (sky130_fd_sc_hd__edfxtp_1)
                                         reg_array[2][12] (net)
                  0.09    0.00    0.34 ^ _246_/A1 (sky130_fd_sc_hd__a221oi_2)
     1    0.00    0.05    0.07    0.41 v _246_/Y (sky130_fd_sc_hd__a221oi_2)
                                         _050_ (net)
                  0.05    0.00    0.41 v _247_/B (sky130_fd_sc_hd__nor2_1)
     1    0.00    0.10    0.10    0.51 ^ _247_/Y (sky130_fd_sc_hd__nor2_1)
                                         net30 (net)
                  0.10    0.00    0.51 ^ output30/A (sky130_fd_sc_hd__clkdlybuf4s50_1)
     1    0.00    0.03    0.47    0.98 ^ output30/X (sky130_fd_sc_hd__clkdlybuf4s50_1)
                                         RD1[12] (net)
                  0.03    0.00    0.98 ^ RD1[12] (out)
                                  0.98   data arrival time

                  0.00    0.00    0.00   clock virt (rise edge)
                          0.00    0.00   clock network delay (ideal)
                          0.00    0.00   clock reconvergence pessimism
                         -2.00   -2.00   output external delay
                                 -2.00   data required time
-----------------------------------------------------------------------------
                                 -2.00   data required time
                                 -0.98   data arrival time
-----------------------------------------------------------------------------
                                  2.98   slack (MET)



==========================================================================
detailed place report_checks -path_delay max
--------------------------------------------------------------------------
Startpoint: reg_array[1][10]$_DFFE_PP_
            (rising edge-triggered flip-flop clocked by virt)
Endpoint: RD1[10] (output port clocked by virt)
Path Group: virt
Path Type: max

Fanout     Cap    Slew   Delay    Time   Description
-----------------------------------------------------------------------------
                  0.00    0.00    0.00   clock virt (rise edge)
                          0.00    0.00   clock network delay (ideal)
                  0.00    0.00    0.00 ^ reg_array[1][10]$_DFFE_PP_/CLK (sky130_fd_sc_hd__edfxtp_1)
     2    0.01    0.09    0.37    0.37 v reg_array[1][10]$_DFFE_PP_/Q (sky130_fd_sc_hd__edfxtp_1)
                                         reg_array[1][10] (net)
                  0.09    0.00    0.37 v _229_/A0 (sky130_fd_sc_hd__mux2_1)
     1    0.00    0.05    0.29    0.67 v _229_/X (sky130_fd_sc_hd__mux2_1)
                                         _035_ (net)
                  0.05    0.00    0.67 v _233_/A2 (sky130_fd_sc_hd__a221oi_1)
     1    0.00    0.25    0.30    0.97 ^ _233_/Y (sky130_fd_sc_hd__a221oi_1)
                                         _039_ (net)
                  0.25    0.00    0.97 ^ _234_/B (sky130_fd_sc_hd__nor2_1)
     1    0.01    0.09    0.12    1.09 v _234_/Y (sky130_fd_sc_hd__nor2_1)
                                         net28 (net)
                  0.09    0.00    1.09 v output28/A (sky130_fd_sc_hd__clkdlybuf4s50_1)
     1    0.00    0.03    0.42    1.51 v output28/X (sky130_fd_sc_hd__clkdlybuf4s50_1)
                                         RD1[10] (net)
                  0.03    0.00    1.51 v RD1[10] (out)
                                  1.51   data arrival time

                  0.00   10.00   10.00   clock virt (rise edge)
                          0.00   10.00   clock network delay (ideal)
                          0.00   10.00   clock reconvergence pessimism
                         -2.00    8.00   output external delay
                                  8.00   data required time
-----------------------------------------------------------------------------
                                  8.00   data required time
                                 -1.51   data arrival time
-----------------------------------------------------------------------------
                                  6.49   slack (MET)



==========================================================================
detailed place report_checks -unconstrained
--------------------------------------------------------------------------
Startpoint: reg_array[1][10]$_DFFE_PP_
            (rising edge-triggered flip-flop clocked by virt)
Endpoint: RD1[10] (output port clocked by virt)
Path Group: virt
Path Type: max

Fanout     Cap    Slew   Delay    Time   Description
-----------------------------------------------------------------------------
                  0.00    0.00    0.00   clock virt (rise edge)
                          0.00    0.00   clock network delay (ideal)
                  0.00    0.00    0.00 ^ reg_array[1][10]$_DFFE_PP_/CLK (sky130_fd_sc_hd__edfxtp_1)
     2    0.01    0.09    0.37    0.37 v reg_array[1][10]$_DFFE_PP_/Q (sky130_fd_sc_hd__edfxtp_1)
                                         reg_array[1][10] (net)
                  0.09    0.00    0.37 v _229_/A0 (sky130_fd_sc_hd__mux2_1)
     1    0.00    0.05    0.29    0.67 v _229_/X (sky130_fd_sc_hd__mux2_1)
                                         _035_ (net)
                  0.05    0.00    0.67 v _233_/A2 (sky130_fd_sc_hd__a221oi_1)
     1    0.00    0.25    0.30    0.97 ^ _233_/Y (sky130_fd_sc_hd__a221oi_1)
                                         _039_ (net)
                  0.25    0.00    0.97 ^ _234_/B (sky130_fd_sc_hd__nor2_1)
     1    0.01    0.09    0.12    1.09 v _234_/Y (sky130_fd_sc_hd__nor2_1)
                                         net28 (net)
                  0.09    0.00    1.09 v output28/A (sky130_fd_sc_hd__clkdlybuf4s50_1)
     1    0.00    0.03    0.42    1.51 v output28/X (sky130_fd_sc_hd__clkdlybuf4s50_1)
                                         RD1[10] (net)
                  0.03    0.00    1.51 v RD1[10] (out)
                                  1.51   data arrival time

                  0.00   10.00   10.00   clock virt (rise edge)
                          0.00   10.00   clock network delay (ideal)
                          0.00   10.00   clock reconvergence pessimism
                         -2.00    8.00   output external delay
                                  8.00   data required time
-----------------------------------------------------------------------------
                                  8.00   data required time
                                 -1.51   data arrival time
-----------------------------------------------------------------------------
                                  6.49   slack (MET)



==========================================================================
detailed place report_check_types -max_slew -max_cap -max_fanout -violators
--------------------------------------------------------------------------

==========================================================================
detailed place max_slew_check_slack
--------------------------------------------------------------------------
0.4652137756347656

==========================================================================
detailed place max_slew_check_limit
--------------------------------------------------------------------------
1.5

==========================================================================
detailed place max_slew_check_slack_limit
--------------------------------------------------------------------------
0.3101

==========================================================================
detailed place max_fanout_check_slack
--------------------------------------------------------------------------
1.0000000150474662e+30

==========================================================================
detailed place max_fanout_check_limit
--------------------------------------------------------------------------
1.0000000150474662e+30

==========================================================================
detailed place max_capacitance_check_slack
--------------------------------------------------------------------------
0.046741556376218796

==========================================================================
detailed place max_capacitance_check_limit
--------------------------------------------------------------------------
0.15015600621700287

==========================================================================
detailed place max_capacitance_check_slack_limit
--------------------------------------------------------------------------
0.3113

==========================================================================
detailed place max_slew_violation_count
--------------------------------------------------------------------------
max slew violation count 0

==========================================================================
detailed place max_fanout_violation_count
--------------------------------------------------------------------------
max fanout violation count 0

==========================================================================
detailed place max_cap_violation_count
--------------------------------------------------------------------------
max cap violation count 0

==========================================================================
detailed place setup_violation_count
--------------------------------------------------------------------------
setup violation count 0

==========================================================================
detailed place hold_violation_count
--------------------------------------------------------------------------
hold violation count 0

==========================================================================
detailed place report_checks -path_delay max reg to reg
--------------------------------------------------------------------------
No paths found.

==========================================================================
detailed place report_checks -path_delay min reg to reg
--------------------------------------------------------------------------
No paths found.

==========================================================================
detailed place critical path target clock latency max path
--------------------------------------------------------------------------
0

==========================================================================
detailed place critical path target clock latency min path
--------------------------------------------------------------------------
0

==========================================================================
detailed place critical path source clock latency min path
--------------------------------------------------------------------------
0

==========================================================================
detailed place critical path delay
--------------------------------------------------------------------------
1.5066

==========================================================================
detailed place critical path slack
--------------------------------------------------------------------------
6.4934

==========================================================================
detailed place slack div critical path delay
--------------------------------------------------------------------------
430.996947

==========================================================================
detailed place report_power
--------------------------------------------------------------------------
Group                  Internal  Switching    Leakage      Total
                          Power      Power      Power      Power (Watts)
----------------------------------------------------------------
Sequential             5.43e-04   6.27e-06   1.02e-09   5.49e-04  80.6%
Combinational          6.73e-05   6.46e-05   1.06e-09   1.32e-04  19.4%
Clock                  0.00e+00   0.00e+00   0.00e+00   0.00e+00   0.0%
Macro                  0.00e+00   0.00e+00   0.00e+00   0.00e+00   0.0%
Pad                    0.00e+00   0.00e+00   0.00e+00   0.00e+00   0.0%
----------------------------------------------------------------
Total                  6.10e-04   7.09e-05   2.08e-09   6.81e-04 100.0%
                          89.6%      10.4%       0.0%
