
==========================================================================
global route report_tns
--------------------------------------------------------------------------
tns max 0.00

==========================================================================
global route report_wns
--------------------------------------------------------------------------
wns max 0.00

==========================================================================
global route report_worst_slack
--------------------------------------------------------------------------
worst slack max 6.01

==========================================================================
global route report_clock_min_period
--------------------------------------------------------------------------
virt period_min = 3.99 fmax = 250.58

==========================================================================
global route report_clock_skew
--------------------------------------------------------------------------
Clock virt
No launch/capture paths found.


==========================================================================
global route report_checks -path_delay min
--------------------------------------------------------------------------
Startpoint: reg_array[2][12]$_DFFE_PP_
            (rising edge-triggered flip-flop clocked by virt)
Endpoint: RD1[12] (output port clocked by virt)
Path Group: virt
Path Type: min

Fanout     Cap    Slew   Delay    Time   Description
-----------------------------------------------------------------------------
                          0.00    0.00   clock virt (rise edge)
                          0.00    0.00   clock source latency
     1    0.03    0.00    0.00    0.00 ^ clk (in)
                                         clk (net)
                  0.00    0.00    0.00 ^ clkbuf_0_clk/A (sky130_fd_sc_hd__clkbuf_16)
     8    0.10    0.12    0.17    0.17 ^ clkbuf_0_clk/X (sky130_fd_sc_hd__clkbuf_16)
                                         clknet_0_clk (net)
                  0.12    0.00    0.18 ^ clkbuf_3_7__f_clk/A (sky130_fd_sc_hd__clkbuf_16)
    16    0.06    0.07    0.18    0.36 ^ clkbuf_3_7__f_clk/X (sky130_fd_sc_hd__clkbuf_16)
                                         clknet_3_7__leaf_clk (net)
                  0.07    0.00    0.36 ^ reg_array[2][12]$_DFFE_PP_/CLK (sky130_fd_sc_hd__edfxtp_1)
     2    0.01    0.10    0.37    0.72 ^ reg_array[2][12]$_DFFE_PP_/Q (sky130_fd_sc_hd__edfxtp_1)
                                         reg_array[2][12] (net)
                  0.10    0.00    0.72 ^ _246_/A1 (sky130_fd_sc_hd__a221oi_2)
     1    0.01    0.05    0.08    0.80 v _246_/Y (sky130_fd_sc_hd__a221oi_2)
                                         _050_ (net)
                  0.05    0.00    0.80 v _247_/B (sky130_fd_sc_hd__nor2_1)
     1    0.00    0.10    0.11    0.91 ^ _247_/Y (sky130_fd_sc_hd__nor2_1)
                                         net30 (net)
                  0.10    0.00    0.91 ^ output30/A (sky130_fd_sc_hd__clkdlybuf4s50_1)
     1    0.00    0.04    0.48    1.39 ^ output30/X (sky130_fd_sc_hd__clkdlybuf4s50_1)
                                         RD1[12] (net)
                  0.04    0.00    1.39 ^ RD1[12] (out)
                                  1.39   data arrival time

                          0.00    0.00   clock virt (rise edge)
                          0.00    0.00   clock network delay (propagated)
                          0.00    0.00   clock reconvergence pessimism
                         -2.00   -2.00   output external delay
                                 -2.00   data required time
-----------------------------------------------------------------------------
                                 -2.00   data required time
                                 -1.39   data arrival time
-----------------------------------------------------------------------------
                                  3.39   slack (MET)



==========================================================================
global route report_checks -path_delay max
--------------------------------------------------------------------------
Startpoint: reg_array[2][13]$_DFFE_PP_
            (rising edge-triggered flip-flop clocked by virt)
Endpoint: RD2[13] (output port clocked by virt)
Path Group: virt
Path Type: max

Fanout     Cap    Slew   Delay    Time   Description
-----------------------------------------------------------------------------
                          0.00    0.00   clock virt (rise edge)
                          0.00    0.00   clock source latency
     1    0.03    0.00    0.00    0.00 ^ clk (in)
                                         clk (net)
                  0.00    0.00    0.00 ^ clkbuf_0_clk/A (sky130_fd_sc_hd__clkbuf_16)
     8    0.10    0.12    0.17    0.17 ^ clkbuf_0_clk/X (sky130_fd_sc_hd__clkbuf_16)
                                         clknet_0_clk (net)
                  0.12    0.00    0.18 ^ clkbuf_3_6__f_clk/A (sky130_fd_sc_hd__clkbuf_16)
    16    0.06    0.08    0.18    0.36 ^ clkbuf_3_6__f_clk/X (sky130_fd_sc_hd__clkbuf_16)
                                         clknet_3_6__leaf_clk (net)
                  0.08    0.00    0.36 ^ reg_array[2][13]$_DFFE_PP_/CLK (sky130_fd_sc_hd__edfxtp_1)
     2    0.01    0.10    0.42    0.78 v reg_array[2][13]$_DFFE_PP_/Q (sky130_fd_sc_hd__edfxtp_1)
                                         reg_array[2][13] (net)
                  0.10    0.00    0.78 v _359_/A0 (sky130_fd_sc_hd__mux2_1)
     1    0.01    0.08    0.33    1.11 v _359_/X (sky130_fd_sc_hd__mux2_1)
                                         _146_ (net)
                  0.08    0.00    1.11 v _360_/B1 (sky130_fd_sc_hd__a221oi_2)
     1    0.01    0.30    0.32    1.43 ^ _360_/Y (sky130_fd_sc_hd__a221oi_2)
                                         _147_ (net)
                  0.30    0.00    1.43 ^ _361_/C1 (sky130_fd_sc_hd__a221oi_2)
     1    0.01    0.15    0.08    1.51 v _361_/Y (sky130_fd_sc_hd__a221oi_2)
                                         net47 (net)
                  0.15    0.00    1.51 v output47/A (sky130_fd_sc_hd__clkdlybuf4s50_1)
     1    0.01    0.07    0.48    1.99 v output47/X (sky130_fd_sc_hd__clkdlybuf4s50_1)
                                         RD2[13] (net)
                  0.07    0.00    1.99 v RD2[13] (out)
                                  1.99   data arrival time

                         10.00   10.00   clock virt (rise edge)
                          0.00   10.00   clock network delay (propagated)
                          0.00   10.00   clock reconvergence pessimism
                         -2.00    8.00   output external delay
                                  8.00   data required time
-----------------------------------------------------------------------------
                                  8.00   data required time
                                 -1.99   data arrival time
-----------------------------------------------------------------------------
                                  6.01   slack (MET)



==========================================================================
global route report_checks -unconstrained
--------------------------------------------------------------------------
Startpoint: reg_array[2][13]$_DFFE_PP_
            (rising edge-triggered flip-flop clocked by virt)
Endpoint: RD2[13] (output port clocked by virt)
Path Group: virt
Path Type: max

Fanout     Cap    Slew   Delay    Time   Description
-----------------------------------------------------------------------------
                          0.00    0.00   clock virt (rise edge)
                          0.00    0.00   clock source latency
     1    0.03    0.00    0.00    0.00 ^ clk (in)
                                         clk (net)
                  0.00    0.00    0.00 ^ clkbuf_0_clk/A (sky130_fd_sc_hd__clkbuf_16)
     8    0.10    0.12    0.17    0.17 ^ clkbuf_0_clk/X (sky130_fd_sc_hd__clkbuf_16)
                                         clknet_0_clk (net)
                  0.12    0.00    0.18 ^ clkbuf_3_6__f_clk/A (sky130_fd_sc_hd__clkbuf_16)
    16    0.06    0.08    0.18    0.36 ^ clkbuf_3_6__f_clk/X (sky130_fd_sc_hd__clkbuf_16)
                                         clknet_3_6__leaf_clk (net)
                  0.08    0.00    0.36 ^ reg_array[2][13]$_DFFE_PP_/CLK (sky130_fd_sc_hd__edfxtp_1)
     2    0.01    0.10    0.42    0.78 v reg_array[2][13]$_DFFE_PP_/Q (sky130_fd_sc_hd__edfxtp_1)
                                         reg_array[2][13] (net)
                  0.10    0.00    0.78 v _359_/A0 (sky130_fd_sc_hd__mux2_1)
     1    0.01    0.08    0.33    1.11 v _359_/X (sky130_fd_sc_hd__mux2_1)
                                         _146_ (net)
                  0.08    0.00    1.11 v _360_/B1 (sky130_fd_sc_hd__a221oi_2)
     1    0.01    0.30    0.32    1.43 ^ _360_/Y (sky130_fd_sc_hd__a221oi_2)
                                         _147_ (net)
                  0.30    0.00    1.43 ^ _361_/C1 (sky130_fd_sc_hd__a221oi_2)
     1    0.01    0.15    0.08    1.51 v _361_/Y (sky130_fd_sc_hd__a221oi_2)
                                         net47 (net)
                  0.15    0.00    1.51 v output47/A (sky130_fd_sc_hd__clkdlybuf4s50_1)
     1    0.01    0.07    0.48    1.99 v output47/X (sky130_fd_sc_hd__clkdlybuf4s50_1)
                                         RD2[13] (net)
                  0.07    0.00    1.99 v RD2[13] (out)
                                  1.99   data arrival time

                         10.00   10.00   clock virt (rise edge)
                          0.00   10.00   clock network delay (propagated)
                          0.00   10.00   clock reconvergence pessimism
                         -2.00    8.00   output external delay
                                  8.00   data required time
-----------------------------------------------------------------------------
                                  8.00   data required time
                                 -1.99   data arrival time
-----------------------------------------------------------------------------
                                  6.01   slack (MET)



==========================================================================
global route report_check_types -max_slew -max_cap -max_fanout -violators
--------------------------------------------------------------------------

==========================================================================
global route max_slew_check_slack
--------------------------------------------------------------------------
0.3545217514038086

==========================================================================
global route max_slew_check_limit
--------------------------------------------------------------------------
1.5

==========================================================================
global route max_slew_check_slack_limit
--------------------------------------------------------------------------
0.2363

==========================================================================
global route max_fanout_check_slack
--------------------------------------------------------------------------
1.0000000150474662e+30

==========================================================================
global route max_fanout_check_limit
--------------------------------------------------------------------------
1.0000000150474662e+30

==========================================================================
global route max_capacitance_check_slack
--------------------------------------------------------------------------
0.03556732088327408

==========================================================================
global route max_capacitance_check_limit
--------------------------------------------------------------------------
0.15015600621700287

==========================================================================
global route max_capacitance_check_slack_limit
--------------------------------------------------------------------------
0.2369

==========================================================================
global route max_slew_violation_count
--------------------------------------------------------------------------
max slew violation count 0

==========================================================================
global route max_fanout_violation_count
--------------------------------------------------------------------------
max fanout violation count 0

==========================================================================
global route max_cap_violation_count
--------------------------------------------------------------------------
max cap violation count 0

==========================================================================
global route setup_violation_count
--------------------------------------------------------------------------
setup violation count 0

==========================================================================
global route hold_violation_count
--------------------------------------------------------------------------
hold violation count 0

==========================================================================
global route report_checks -path_delay max reg to reg
--------------------------------------------------------------------------
No paths found.

==========================================================================
global route report_checks -path_delay min reg to reg
--------------------------------------------------------------------------
No paths found.

==========================================================================
global route critical path target clock latency max path
--------------------------------------------------------------------------
0

==========================================================================
global route critical path target clock latency min path
--------------------------------------------------------------------------
0

==========================================================================
global route critical path source clock latency min path
--------------------------------------------------------------------------
0

==========================================================================
global route critical path delay
--------------------------------------------------------------------------
1.9908

==========================================================================
global route critical path slack
--------------------------------------------------------------------------
6.0092

==========================================================================
global route slack div critical path delay
--------------------------------------------------------------------------
301.848503

==========================================================================
global route report_power
--------------------------------------------------------------------------
Group                  Internal  Switching    Leakage      Total
                          Power      Power      Power      Power (Watts)
----------------------------------------------------------------
Sequential             5.33e-04   8.02e-06   1.02e-09   5.41e-04  52.9%
Combinational          6.77e-05   7.45e-05   1.06e-09   1.42e-04  13.9%
Clock                  1.66e-04   1.72e-04   1.23e-10   3.38e-04  33.1%
Macro                  0.00e+00   0.00e+00   0.00e+00   0.00e+00   0.0%
Pad                    0.00e+00   0.00e+00   0.00e+00   0.00e+00   0.0%
----------------------------------------------------------------
Total                  7.66e-04   2.55e-04   2.20e-09   1.02e-03 100.0%
                          75.0%      25.0%       0.0%
