
==========================================================================
finish report_tns
--------------------------------------------------------------------------
tns max 0.00

==========================================================================
finish report_wns
--------------------------------------------------------------------------
wns max 0.00

==========================================================================
finish report_worst_slack
--------------------------------------------------------------------------
worst slack max 6.14

==========================================================================
finish report_clock_min_period
--------------------------------------------------------------------------
virt period_min = 3.86 fmax = 259.24

==========================================================================
finish report_clock_skew
--------------------------------------------------------------------------
Clock virt
No launch/capture paths found.


==========================================================================
finish report_checks -path_delay min
--------------------------------------------------------------------------
Startpoint: reg_array[2][2]$_DFFE_PP_
            (rising edge-triggered flip-flop clocked by virt)
Endpoint: RD1[2] (output port clocked by virt)
Path Group: virt
Path Type: min

Fanout     Cap    Slew   Delay    Time   Description
-----------------------------------------------------------------------------
                          0.00    0.00   clock virt (rise edge)
                          0.00    0.00   clock source latency
     1    0.02    0.00    0.00    0.00 ^ clk (in)
                                         clk (net)
                  0.00    0.00    0.00 ^ clkbuf_0_clk/A (sky130_fd_sc_hd__clkbuf_16)
     8    0.10    0.11    0.17    0.17 ^ clkbuf_0_clk/X (sky130_fd_sc_hd__clkbuf_16)
                                         clknet_0_clk (net)
                  0.11    0.00    0.17 ^ clkbuf_3_2__f_clk/A (sky130_fd_sc_hd__clkbuf_16)
    14    0.05    0.06    0.17    0.34 ^ clkbuf_3_2__f_clk/X (sky130_fd_sc_hd__clkbuf_16)
                                         clknet_3_2__leaf_clk (net)
                  0.07    0.00    0.35 ^ reg_array[2][2]$_DFFE_PP_/CLK (sky130_fd_sc_hd__edfxtp_1)
     2    0.01    0.09    0.35    0.70 ^ reg_array[2][2]$_DFFE_PP_/Q (sky130_fd_sc_hd__edfxtp_1)
                                         reg_array[2][2] (net)
                  0.09    0.00    0.70 ^ _276_/A1 (sky130_fd_sc_hd__a221oi_2)
     1    0.00    0.05    0.07    0.77 v _276_/Y (sky130_fd_sc_hd__a221oi_2)
                                         _075_ (net)
                  0.05    0.00    0.77 v _277_/B (sky130_fd_sc_hd__nor2_1)
     1    0.00    0.09    0.09    0.86 ^ _277_/Y (sky130_fd_sc_hd__nor2_1)
                                         net35 (net)
                  0.09    0.00    0.86 ^ output35/A (sky130_fd_sc_hd__clkdlybuf4s50_1)
     1    0.00    0.03    0.46    1.32 ^ output35/X (sky130_fd_sc_hd__clkdlybuf4s50_1)
                                         RD1[2] (net)
                  0.03    0.00    1.32 ^ RD1[2] (out)
                                  1.32   data arrival time

                          0.00    0.00   clock virt (rise edge)
                          0.00    0.00   clock network delay (propagated)
                          0.00    0.00   clock reconvergence pessimism
                         -2.00   -2.00   output external delay
                                 -2.00   data required time
-----------------------------------------------------------------------------
                                 -2.00   data required time
                                 -1.32   data arrival time
-----------------------------------------------------------------------------
                                  3.32   slack (MET)



==========================================================================
finish report_checks -path_delay max
--------------------------------------------------------------------------
Startpoint: reg_array[1][5]$_DFFE_PP_
            (rising edge-triggered flip-flop clocked by virt)
Endpoint: RD1[5] (output port clocked by virt)
Path Group: virt
Path Type: max

Fanout     Cap    Slew   Delay    Time   Description
-----------------------------------------------------------------------------
                          0.00    0.00   clock virt (rise edge)
                          0.00    0.00   clock source latency
     1    0.02    0.00    0.00    0.00 ^ clk (in)
                                         clk (net)
                  0.00    0.00    0.00 ^ clkbuf_0_clk/A (sky130_fd_sc_hd__clkbuf_16)
     8    0.10    0.11    0.17    0.17 ^ clkbuf_0_clk/X (sky130_fd_sc_hd__clkbuf_16)
                                         clknet_0_clk (net)
                  0.11    0.00    0.17 ^ clkbuf_3_4__f_clk/A (sky130_fd_sc_hd__clkbuf_16)
    16    0.05    0.07    0.17    0.34 ^ clkbuf_3_4__f_clk/X (sky130_fd_sc_hd__clkbuf_16)
                                         clknet_3_4__leaf_clk (net)
                  0.07    0.00    0.34 ^ reg_array[1][5]$_DFFE_PP_/CLK (sky130_fd_sc_hd__edfxtp_1)
     2    0.01    0.09    0.40    0.74 v reg_array[1][5]$_DFFE_PP_/Q (sky130_fd_sc_hd__edfxtp_1)
                                         reg_array[1][5] (net)
                  0.09    0.00    0.74 v _293_/A0 (sky130_fd_sc_hd__mux2_2)
     1    0.00    0.05    0.27    1.02 v _293_/X (sky130_fd_sc_hd__mux2_2)
                                         _089_ (net)
                  0.05    0.00    1.02 v _294_/B1 (sky130_fd_sc_hd__a221oi_1)
     1    0.01    0.36    0.34    1.36 ^ _294_/Y (sky130_fd_sc_hd__a221oi_1)
                                         _090_ (net)
                  0.36    0.00    1.36 ^ _295_/B (sky130_fd_sc_hd__nor2_1)
     1    0.00    0.07    0.08    1.44 v _295_/Y (sky130_fd_sc_hd__nor2_1)
                                         net38 (net)
                  0.07    0.00    1.44 v output38/A (sky130_fd_sc_hd__clkdlybuf4s50_1)
     1    0.00    0.04    0.42    1.86 v output38/X (sky130_fd_sc_hd__clkdlybuf4s50_1)
                                         RD1[5] (net)
                  0.04    0.00    1.86 v RD1[5] (out)
                                  1.86   data arrival time

                         10.00   10.00   clock virt (rise edge)
                          0.00   10.00   clock network delay (propagated)
                          0.00   10.00   clock reconvergence pessimism
                         -2.00    8.00   output external delay
                                  8.00   data required time
-----------------------------------------------------------------------------
                                  8.00   data required time
                                 -1.86   data arrival time
-----------------------------------------------------------------------------
                                  6.14   slack (MET)



==========================================================================
finish report_checks -unconstrained
--------------------------------------------------------------------------
Startpoint: reg_array[1][5]$_DFFE_PP_
            (rising edge-triggered flip-flop clocked by virt)
Endpoint: RD1[5] (output port clocked by virt)
Path Group: virt
Path Type: max

Fanout     Cap    Slew   Delay    Time   Description
-----------------------------------------------------------------------------
                          0.00    0.00   clock virt (rise edge)
                          0.00    0.00   clock source latency
     1    0.02    0.00    0.00    0.00 ^ clk (in)
                                         clk (net)
                  0.00    0.00    0.00 ^ clkbuf_0_clk/A (sky130_fd_sc_hd__clkbuf_16)
     8    0.10    0.11    0.17    0.17 ^ clkbuf_0_clk/X (sky130_fd_sc_hd__clkbuf_16)
                                         clknet_0_clk (net)
                  0.11    0.00    0.17 ^ clkbuf_3_4__f_clk/A (sky130_fd_sc_hd__clkbuf_16)
    16    0.05    0.07    0.17    0.34 ^ clkbuf_3_4__f_clk/X (sky130_fd_sc_hd__clkbuf_16)
                                         clknet_3_4__leaf_clk (net)
                  0.07    0.00    0.34 ^ reg_array[1][5]$_DFFE_PP_/CLK (sky130_fd_sc_hd__edfxtp_1)
     2    0.01    0.09    0.40    0.74 v reg_array[1][5]$_DFFE_PP_/Q (sky130_fd_sc_hd__edfxtp_1)
                                         reg_array[1][5] (net)
                  0.09    0.00    0.74 v _293_/A0 (sky130_fd_sc_hd__mux2_2)
     1    0.00    0.05    0.27    1.02 v _293_/X (sky130_fd_sc_hd__mux2_2)
                                         _089_ (net)
                  0.05    0.00    1.02 v _294_/B1 (sky130_fd_sc_hd__a221oi_1)
     1    0.01    0.36    0.34    1.36 ^ _294_/Y (sky130_fd_sc_hd__a221oi_1)
                                         _090_ (net)
                  0.36    0.00    1.36 ^ _295_/B (sky130_fd_sc_hd__nor2_1)
     1    0.00    0.07    0.08    1.44 v _295_/Y (sky130_fd_sc_hd__nor2_1)
                                         net38 (net)
                  0.07    0.00    1.44 v output38/A (sky130_fd_sc_hd__clkdlybuf4s50_1)
     1    0.00    0.04    0.42    1.86 v output38/X (sky130_fd_sc_hd__clkdlybuf4s50_1)
                                         RD1[5] (net)
                  0.04    0.00    1.86 v RD1[5] (out)
                                  1.86   data arrival time

                         10.00   10.00   clock virt (rise edge)
                          0.00   10.00   clock network delay (propagated)
                          0.00   10.00   clock reconvergence pessimism
                         -2.00    8.00   output external delay
                                  8.00   data required time
-----------------------------------------------------------------------------
                                  8.00   data required time
                                 -1.86   data arrival time
-----------------------------------------------------------------------------
                                  6.14   slack (MET)



==========================================================================
finish report_check_types -max_slew -max_cap -max_fanout -violators
--------------------------------------------------------------------------

==========================================================================
finish max_slew_check_slack
--------------------------------------------------------------------------
0.48433613777160645

==========================================================================
finish max_slew_check_limit
--------------------------------------------------------------------------
1.5

==========================================================================
finish max_slew_check_slack_limit
--------------------------------------------------------------------------
0.3229

==========================================================================
finish max_fanout_check_slack
--------------------------------------------------------------------------
1.0000000150474662e+30

==========================================================================
finish max_fanout_check_limit
--------------------------------------------------------------------------
1.0000000150474662e+30

==========================================================================
finish max_capacitance_check_slack
--------------------------------------------------------------------------
0.047202881425619125

==========================================================================
finish max_capacitance_check_limit
--------------------------------------------------------------------------
0.05494200065732002

==========================================================================
finish max_capacitance_check_slack_limit
--------------------------------------------------------------------------
0.8591

==========================================================================
finish max_slew_violation_count
--------------------------------------------------------------------------
max slew violation count 0

==========================================================================
finish max_fanout_violation_count
--------------------------------------------------------------------------
max fanout violation count 0

==========================================================================
finish max_cap_violation_count
--------------------------------------------------------------------------
max cap violation count 0

==========================================================================
finish setup_violation_count
--------------------------------------------------------------------------
setup violation count 0

==========================================================================
finish hold_violation_count
--------------------------------------------------------------------------
hold violation count 0

==========================================================================
finish report_checks -path_delay max reg to reg
--------------------------------------------------------------------------
No paths found.

==========================================================================
finish report_checks -path_delay min reg to reg
--------------------------------------------------------------------------
No paths found.

==========================================================================
finish critical path target clock latency max path
--------------------------------------------------------------------------
0

==========================================================================
finish critical path target clock latency min path
--------------------------------------------------------------------------
0

==========================================================================
finish critical path source clock latency min path
--------------------------------------------------------------------------
0

==========================================================================
finish critical path delay
--------------------------------------------------------------------------
1.8574

==========================================================================
finish critical path slack
--------------------------------------------------------------------------
6.1426

==========================================================================
finish slack div critical path delay
--------------------------------------------------------------------------
330.709594

==========================================================================
finish report_power
--------------------------------------------------------------------------
Group                  Internal  Switching    Leakage      Total
                          Power      Power      Power      Power (Watts)
----------------------------------------------------------------
Sequential             5.33e-04   6.32e-06   1.02e-09   5.39e-04  54.6%
Combinational          6.72e-05   6.33e-05   1.06e-09   1.31e-04  13.2%
Clock                  1.65e-04   1.53e-04   1.23e-10   3.18e-04  32.2%
Macro                  0.00e+00   0.00e+00   0.00e+00   0.00e+00   0.0%
Pad                    0.00e+00   0.00e+00   0.00e+00   0.00e+00   0.0%
----------------------------------------------------------------
Total                  7.65e-04   2.23e-04   2.20e-09   9.88e-04 100.0%
                          77.5%      22.5%       0.0%
