
==========================================================================
global place report_tns
--------------------------------------------------------------------------
tns max 0.00

==========================================================================
global place report_wns
--------------------------------------------------------------------------
wns max 0.00

==========================================================================
global place report_worst_slack
--------------------------------------------------------------------------
worst slack max INF

==========================================================================
global place report_clock_min_period
--------------------------------------------------------------------------
virt period_min = 0.00 fmax = inf

==========================================================================
global place report_checks -path_delay min
--------------------------------------------------------------------------
No paths found.

==========================================================================
global place report_checks -path_delay max
--------------------------------------------------------------------------
No paths found.

==========================================================================
global place report_checks -unconstrained
--------------------------------------------------------------------------
Startpoint: mem_access_addr[1] (input port)
Endpoint: output25/X (internal pin)
Path Group: unconstrained
Path Type: max

Fanout     Cap    Slew   Delay    Time   Description
-----------------------------------------------------------------------------
                          0.00    0.00 ^ input external delay
     1    0.00    0.00    0.00    0.00 ^ mem_access_addr[1] (in)
                                         mem_access_addr[1] (net)
                  0.00    0.00    0.00 ^ input1/A (sky130_fd_sc_hd__buf_2)
    27    0.15    0.70    0.54    0.54 ^ input1/X (sky130_fd_sc_hd__buf_2)
                                         net1 (net)
                  0.70    0.01    0.55 ^ place62/A (sky130_fd_sc_hd__buf_4)
    40    0.23    0.62    0.65    1.20 ^ place62/X (sky130_fd_sc_hd__buf_4)
                                         net62 (net)
                  0.62    0.00    1.20 ^ _229_/S (sky130_fd_sc_hd__mux2_2)
     1    0.00    0.05    0.40    1.60 v _229_/X (sky130_fd_sc_hd__mux2_2)
                                         _062_ (net)
                  0.05    0.00    1.60 v _231_/A2 (sky130_fd_sc_hd__a22oi_1)
     1    0.01    0.23    0.24    1.84 ^ _231_/Y (sky130_fd_sc_hd__a22oi_1)
                                         _064_ (net)
                  0.23    0.00    1.84 ^ _235_/A2 (sky130_fd_sc_hd__a31oi_1)
     1    0.01    0.10    0.15    1.99 v _235_/Y (sky130_fd_sc_hd__a31oi_1)
                                         net25 (net)
                  0.10    0.00    1.99 v output25/A (sky130_fd_sc_hd__clkdlybuf4s50_1)
     0    0.00    0.04    0.43    2.42 v output25/X (sky130_fd_sc_hd__clkdlybuf4s50_1)
                                         mem_read_data[12] (net)
                                  2.42   data arrival time
-----------------------------------------------------------------------------
(Path is unconstrained)



==========================================================================
global place report_power
--------------------------------------------------------------------------
Group                  Internal  Switching    Leakage      Total
                          Power      Power      Power      Power (Watts)
----------------------------------------------------------------
Sequential             6.20e-04   2.68e-06   1.16e-09   6.23e-04  88.4%
Combinational          3.79e-05   4.39e-05   6.43e-10   8.18e-05  11.6%
Clock                  0.00e+00   0.00e+00   0.00e+00   0.00e+00   0.0%
Macro                  0.00e+00   0.00e+00   0.00e+00   0.00e+00   0.0%
Pad                    0.00e+00   0.00e+00   0.00e+00   0.00e+00   0.0%
----------------------------------------------------------------
Total                  6.58e-04   4.66e-05   1.81e-09   7.04e-04 100.0%
                          93.4%       6.6%       0.0%
