
==========================================================================
finish report_tns
--------------------------------------------------------------------------
tns max 0.00

==========================================================================
finish report_wns
--------------------------------------------------------------------------
wns max 0.00

==========================================================================
finish report_worst_slack
--------------------------------------------------------------------------
worst slack max 6.19

==========================================================================
finish report_clock_min_period
--------------------------------------------------------------------------
virt period_min = 3.81 fmax = 262.45

==========================================================================
finish report_clock_skew
--------------------------------------------------------------------------
Clock virt
No launch/capture paths found.


==========================================================================
finish report_checks -path_delay min
--------------------------------------------------------------------------
Startpoint: memory[4][4]$_DFFE_PP_
            (rising edge-triggered flip-flop clocked by virt)
Endpoint: mem_read_data[4] (output port clocked by virt)
Path Group: virt
Path Type: min

Fanout     Cap    Slew   Delay    Time   Description
-----------------------------------------------------------------------------
                          0.00    0.00   clock virt (rise edge)
                          0.00    0.00   clock source latency
     1    0.02    0.00    0.00    0.00 ^ clk (in)
                                         clk (net)
                  0.00    0.00    0.00 ^ clkbuf_0_clk/A (sky130_fd_sc_hd__clkbuf_16)
    16    0.17    0.18    0.21    0.21 ^ clkbuf_0_clk/X (sky130_fd_sc_hd__clkbuf_16)
                                         clknet_0_clk (net)
                  0.18    0.01    0.22 ^ clkbuf_4_14_0_clk/A (sky130_fd_sc_hd__clkbuf_16)
     8    0.03    0.05    0.18    0.40 ^ clkbuf_4_14_0_clk/X (sky130_fd_sc_hd__clkbuf_16)
                                         clknet_4_14_0_clk (net)
                  0.05    0.00    0.40 ^ memory[4][4]$_DFFE_PP_/CLK (sky130_fd_sc_hd__edfxtp_1)
     1    0.00    0.05    0.31    0.71 ^ memory[4][4]$_DFFE_PP_/Q (sky130_fd_sc_hd__edfxtp_1)
                                         memory[4][4] (net)
                  0.05    0.00    0.71 ^ _290_/A0 (sky130_fd_sc_hd__mux2_2)
     1    0.00    0.04    0.13    0.84 ^ _290_/X (sky130_fd_sc_hd__mux2_2)
                                         _116_ (net)
                  0.04    0.00    0.84 ^ _291_/B (sky130_fd_sc_hd__nand2_1)
     1    0.00    0.03    0.04    0.89 v _291_/Y (sky130_fd_sc_hd__nand2_1)
                                         _117_ (net)
                  0.03    0.00    0.89 v _298_/A1 (sky130_fd_sc_hd__a31oi_1)
     1    0.00    0.12    0.14    1.03 ^ _298_/Y (sky130_fd_sc_hd__a31oi_1)
                                         net32 (net)
                  0.12    0.00    1.03 ^ output32/A (sky130_fd_sc_hd__clkdlybuf4s50_1)
     1    0.00    0.03    0.48    1.50 ^ output32/X (sky130_fd_sc_hd__clkdlybuf4s50_1)
                                         mem_read_data[4] (net)
                  0.03    0.00    1.50 ^ mem_read_data[4] (out)
                                  1.50   data arrival time

                          0.00    0.00   clock virt (rise edge)
                          0.00    0.00   clock network delay (propagated)
                          0.00    0.00   clock reconvergence pessimism
                         -2.00   -2.00   output external delay
                                 -2.00   data required time
-----------------------------------------------------------------------------
                                 -2.00   data required time
                                 -1.50   data arrival time
-----------------------------------------------------------------------------
                                  3.50   slack (MET)



==========================================================================
finish report_checks -path_delay max
--------------------------------------------------------------------------
Startpoint: memory[1][12]$_DFFE_PP_
            (rising edge-triggered flip-flop clocked by virt)
Endpoint: mem_read_data[12] (output port clocked by virt)
Path Group: virt
Path Type: max

Fanout     Cap    Slew   Delay    Time   Description
-----------------------------------------------------------------------------
                          0.00    0.00   clock virt (rise edge)
                          0.00    0.00   clock source latency
     1    0.02    0.00    0.00    0.00 ^ clk (in)
                                         clk (net)
                  0.00    0.00    0.00 ^ clkbuf_0_clk/A (sky130_fd_sc_hd__clkbuf_16)
    16    0.17    0.18    0.21    0.21 ^ clkbuf_0_clk/X (sky130_fd_sc_hd__clkbuf_16)
                                         clknet_0_clk (net)
                  0.18    0.00    0.22 ^ clkbuf_4_9_0_clk/A (sky130_fd_sc_hd__clkbuf_16)
     6    0.03    0.05    0.18    0.39 ^ clkbuf_4_9_0_clk/X (sky130_fd_sc_hd__clkbuf_16)
                                         clknet_4_9_0_clk (net)
                  0.05    0.00    0.39 ^ memory[1][12]$_DFFE_PP_/CLK (sky130_fd_sc_hd__edfxtp_1)
     1    0.00    0.07    0.35    0.75 v memory[1][12]$_DFFE_PP_/Q (sky130_fd_sc_hd__edfxtp_1)
                                         memory[1][12] (net)
                  0.07    0.00    0.75 v _229_/A1 (sky130_fd_sc_hd__mux2_2)
     1    0.00    0.05    0.27    1.01 v _229_/X (sky130_fd_sc_hd__mux2_2)
                                         _062_ (net)
                  0.05    0.00    1.01 v _231_/A2 (sky130_fd_sc_hd__a22oi_1)
     1    0.01    0.22    0.23    1.25 ^ _231_/Y (sky130_fd_sc_hd__a22oi_1)
                                         _064_ (net)
                  0.22    0.00    1.25 ^ _235_/A2 (sky130_fd_sc_hd__a31oi_1)
     1    0.00    0.08    0.13    1.37 v _235_/Y (sky130_fd_sc_hd__a31oi_1)
                                         net25 (net)
                  0.08    0.00    1.37 v output25/A (sky130_fd_sc_hd__clkdlybuf4s50_1)
     1    0.00    0.05    0.44    1.81 v output25/X (sky130_fd_sc_hd__clkdlybuf4s50_1)
                                         mem_read_data[12] (net)
                  0.05    0.00    1.81 v mem_read_data[12] (out)
                                  1.81   data arrival time

                         10.00   10.00   clock virt (rise edge)
                          0.00   10.00   clock network delay (propagated)
                          0.00   10.00   clock reconvergence pessimism
                         -2.00    8.00   output external delay
                                  8.00   data required time
-----------------------------------------------------------------------------
                                  8.00   data required time
                                 -1.81   data arrival time
-----------------------------------------------------------------------------
                                  6.19   slack (MET)



==========================================================================
finish report_checks -unconstrained
--------------------------------------------------------------------------
Startpoint: memory[1][12]$_DFFE_PP_
            (rising edge-triggered flip-flop clocked by virt)
Endpoint: mem_read_data[12] (output port clocked by virt)
Path Group: virt
Path Type: max

Fanout     Cap    Slew   Delay    Time   Description
-----------------------------------------------------------------------------
                          0.00    0.00   clock virt (rise edge)
                          0.00    0.00   clock source latency
     1    0.02    0.00    0.00    0.00 ^ clk (in)
                                         clk (net)
                  0.00    0.00    0.00 ^ clkbuf_0_clk/A (sky130_fd_sc_hd__clkbuf_16)
    16    0.17    0.18    0.21    0.21 ^ clkbuf_0_clk/X (sky130_fd_sc_hd__clkbuf_16)
                                         clknet_0_clk (net)
                  0.18    0.00    0.22 ^ clkbuf_4_9_0_clk/A (sky130_fd_sc_hd__clkbuf_16)
     6    0.03    0.05    0.18    0.39 ^ clkbuf_4_9_0_clk/X (sky130_fd_sc_hd__clkbuf_16)
                                         clknet_4_9_0_clk (net)
                  0.05    0.00    0.39 ^ memory[1][12]$_DFFE_PP_/CLK (sky130_fd_sc_hd__edfxtp_1)
     1    0.00    0.07    0.35    0.75 v memory[1][12]$_DFFE_PP_/Q (sky130_fd_sc_hd__edfxtp_1)
                                         memory[1][12] (net)
                  0.07    0.00    0.75 v _229_/A1 (sky130_fd_sc_hd__mux2_2)
     1    0.00    0.05    0.27    1.01 v _229_/X (sky130_fd_sc_hd__mux2_2)
                                         _062_ (net)
                  0.05    0.00    1.01 v _231_/A2 (sky130_fd_sc_hd__a22oi_1)
     1    0.01    0.22    0.23    1.25 ^ _231_/Y (sky130_fd_sc_hd__a22oi_1)
                                         _064_ (net)
                  0.22    0.00    1.25 ^ _235_/A2 (sky130_fd_sc_hd__a31oi_1)
     1    0.00    0.08    0.13    1.37 v _235_/Y (sky130_fd_sc_hd__a31oi_1)
                                         net25 (net)
                  0.08    0.00    1.37 v output25/A (sky130_fd_sc_hd__clkdlybuf4s50_1)
     1    0.00    0.05    0.44    1.81 v output25/X (sky130_fd_sc_hd__clkdlybuf4s50_1)
                                         mem_read_data[12] (net)
                  0.05    0.00    1.81 v mem_read_data[12] (out)
                                  1.81   data arrival time

                         10.00   10.00   clock virt (rise edge)
                          0.00   10.00   clock network delay (propagated)
                          0.00   10.00   clock reconvergence pessimism
                         -2.00    8.00   output external delay
                                  8.00   data required time
-----------------------------------------------------------------------------
                                  8.00   data required time
                                 -1.81   data arrival time
-----------------------------------------------------------------------------
                                  6.19   slack (MET)



==========================================================================
finish report_check_types -max_slew -max_cap -max_fanout -violators
--------------------------------------------------------------------------

==========================================================================
finish max_slew_check_slack
--------------------------------------------------------------------------
0.6909693479537964

==========================================================================
finish max_slew_check_limit
--------------------------------------------------------------------------
1.4953149557113647

==========================================================================
finish max_slew_check_slack_limit
--------------------------------------------------------------------------
0.4621

==========================================================================
finish max_fanout_check_slack
--------------------------------------------------------------------------
1.0000000150474662e+30

==========================================================================
finish max_fanout_check_limit
--------------------------------------------------------------------------
1.0000000150474662e+30

==========================================================================
finish max_capacitance_check_slack
--------------------------------------------------------------------------
0.04602983221411705

==========================================================================
finish max_capacitance_check_limit
--------------------------------------------------------------------------
0.05036399886012077

==========================================================================
finish max_capacitance_check_slack_limit
--------------------------------------------------------------------------
0.9139

==========================================================================
finish max_slew_violation_count
--------------------------------------------------------------------------
max slew violation count 0

==========================================================================
finish max_fanout_violation_count
--------------------------------------------------------------------------
max fanout violation count 0

==========================================================================
finish max_cap_violation_count
--------------------------------------------------------------------------
max cap violation count 0

==========================================================================
finish setup_violation_count
--------------------------------------------------------------------------
setup violation count 0

==========================================================================
finish hold_violation_count
--------------------------------------------------------------------------
hold violation count 0

==========================================================================
finish report_checks -path_delay max reg to reg
--------------------------------------------------------------------------
No paths found.

==========================================================================
finish report_checks -path_delay min reg to reg
--------------------------------------------------------------------------
No paths found.

==========================================================================
finish critical path target clock latency max path
--------------------------------------------------------------------------
0

==========================================================================
finish critical path target clock latency min path
--------------------------------------------------------------------------
0

==========================================================================
finish critical path source clock latency min path
--------------------------------------------------------------------------
0

==========================================================================
finish critical path delay
--------------------------------------------------------------------------
1.8103

==========================================================================
finish critical path slack
--------------------------------------------------------------------------
6.1897

==========================================================================
finish slack div critical path delay
--------------------------------------------------------------------------
341.915705

==========================================================================
finish report_power
--------------------------------------------------------------------------
Group                  Internal  Switching    Leakage      Total
                          Power      Power      Power      Power (Watts)
----------------------------------------------------------------
Sequential             6.09e-04   3.15e-06   1.16e-09   6.12e-04  46.7%
Combinational          3.79e-05   4.38e-05   6.43e-10   8.17e-05   6.2%
Clock                  4.11e-04   2.07e-04   2.90e-10   6.18e-04  47.1%
Macro                  0.00e+00   0.00e+00   0.00e+00   0.00e+00   0.0%
Pad                    0.00e+00   0.00e+00   0.00e+00   0.00e+00   0.0%
----------------------------------------------------------------
Total                  1.06e-03   2.54e-04   2.10e-09   1.31e-03 100.0%
                          80.7%      19.3%       0.0%
