
==========================================================================
global route report_tns
--------------------------------------------------------------------------
tns max 0.00

==========================================================================
global route report_wns
--------------------------------------------------------------------------
wns max 0.00

==========================================================================
global route report_worst_slack
--------------------------------------------------------------------------
worst slack max INF

==========================================================================
global route report_clock_min_period
--------------------------------------------------------------------------
virt period_min = 0.00 fmax = inf

==========================================================================
global route report_clock_skew
--------------------------------------------------------------------------
Clock virt
No launch/capture paths found.


==========================================================================
global route report_checks -path_delay min
--------------------------------------------------------------------------
No paths found.

==========================================================================
global route report_checks -path_delay max
--------------------------------------------------------------------------
No paths found.

==========================================================================
global route report_checks -unconstrained
--------------------------------------------------------------------------
Startpoint: ALU_control[1] (input port)
Endpoint: zero (output port)
Path Group: unconstrained
Path Type: max

Fanout     Cap    Slew   Delay    Time   Description
-----------------------------------------------------------------------------
                          0.00    0.00 v input external delay
     1    0.00    0.00    0.00    0.00 v ALU_control[1] (in)
                                         ALU_control[1] (net)
                  0.00    0.00    0.00 v input2/A (sky130_fd_sc_hd__clkdlybuf4s50_1)
    26    0.10    0.73    0.93    0.93 v input2/X (sky130_fd_sc_hd__clkdlybuf4s50_1)
                                         net2 (net)
                  0.73    0.00    0.94 v _0654_/A (sky130_fd_sc_hd__nor3_2)
    17    0.07    1.18    1.16    2.10 ^ _0654_/Y (sky130_fd_sc_hd__nor3_2)
                                         _0148_ (net)
                  1.18    0.01    2.11 ^ _0664_/B (sky130_fd_sc_hd__and2_1)
    13    0.06    0.57    0.62    2.73 ^ _0664_/X (sky130_fd_sc_hd__and2_1)
                                         _0156_ (net)
                  0.57    0.00    2.73 ^ _0683_/B1 (sky130_fd_sc_hd__a21oi_1)
     1    0.01    0.15    0.14    2.87 v _0683_/Y (sky130_fd_sc_hd__a21oi_1)
                                         _0168_ (net)
                  0.15    0.00    2.87 v _0684_/B (sky130_fd_sc_hd__xnor2_1)
     1    0.01    0.08    0.18    3.05 v _0684_/Y (sky130_fd_sc_hd__xnor2_1)
                                         _0043_ (net)
                  0.08    0.00    3.05 v _1203_/B (sky130_fd_sc_hd__ha_1)
     7    0.03    0.15    0.39    3.44 v _1203_/SUM (sky130_fd_sc_hd__ha_1)
                                         _0045_ (net)
                  0.15    0.00    3.44 v _0969_/B (sky130_fd_sc_hd__and3_1)
     1    0.00    0.04    0.21    3.64 v _0969_/X (sky130_fd_sc_hd__and3_1)
                                         _0415_ (net)
                  0.04    0.00    3.64 v _0972_/A2 (sky130_fd_sc_hd__a2111oi_0)
     1    0.01    0.58    0.57    4.21 ^ _0972_/Y (sky130_fd_sc_hd__a2111oi_0)
                                         _0418_ (net)
                  0.58    0.00    4.21 ^ _0973_/B (sky130_fd_sc_hd__xor2_1)
     2    0.01    0.23    0.28    4.49 ^ _0973_/X (sky130_fd_sc_hd__xor2_1)
                                         _0419_ (net)
                  0.23    0.00    4.49 ^ _1177_/B1 (sky130_fd_sc_hd__o2bb2ai_1)
     1    0.01    0.11    0.13    4.62 v _1177_/Y (sky130_fd_sc_hd__o2bb2ai_1)
                                         _0610_ (net)
                  0.11    0.00    4.62 v _1178_/C (sky130_fd_sc_hd__or4b_1)
     1    0.00    0.10    0.50    5.12 v _1178_/X (sky130_fd_sc_hd__or4b_1)
                                         _0611_ (net)
                  0.10    0.00    5.12 v _1181_/B (sky130_fd_sc_hd__or4_1)
     1    0.01    0.14    0.59    5.71 v _1181_/X (sky130_fd_sc_hd__or4_1)
                                         _0614_ (net)
                  0.14    0.00    5.71 v _1183_/C (sky130_fd_sc_hd__or4_1)
     1    0.01    0.11    0.53    6.24 v _1183_/X (sky130_fd_sc_hd__or4_1)
                                         _0616_ (net)
                  0.11    0.00    6.24 v _1184_/C (sky130_fd_sc_hd__nor3_2)
     1    0.00    0.11    0.11    6.36 ^ _1184_/Y (sky130_fd_sc_hd__nor3_2)
                                         net53 (net)
                  0.11    0.00    6.36 ^ output53/A (sky130_fd_sc_hd__clkdlybuf4s50_1)
     1    0.00    0.04    0.48    6.84 ^ output53/X (sky130_fd_sc_hd__clkdlybuf4s50_1)
                                         zero (net)
                  0.04    0.00    6.84 ^ zero (out)
                                  6.84   data arrival time
-----------------------------------------------------------------------------
(Path is unconstrained)



==========================================================================
global route report_check_types -max_slew -max_cap -max_fanout -violators
--------------------------------------------------------------------------

==========================================================================
global route max_slew_check_slack
--------------------------------------------------------------------------
0.310817152261734

==========================================================================
global route max_slew_check_limit
--------------------------------------------------------------------------
1.4918709993362427

==========================================================================
global route max_slew_check_slack_limit
--------------------------------------------------------------------------
0.2083

==========================================================================
global route max_fanout_check_slack
--------------------------------------------------------------------------
1.0000000150474662e+30

==========================================================================
global route max_fanout_check_limit
--------------------------------------------------------------------------
1.0000000150474662e+30

==========================================================================
global route max_capacitance_check_slack
--------------------------------------------------------------------------
0.012028646655380726

==========================================================================
global route max_capacitance_check_limit
--------------------------------------------------------------------------
0.021067000925540924

==========================================================================
global route max_capacitance_check_slack_limit
--------------------------------------------------------------------------
0.5710

==========================================================================
global route max_slew_violation_count
--------------------------------------------------------------------------
max slew violation count 0

==========================================================================
global route max_fanout_violation_count
--------------------------------------------------------------------------
max fanout violation count 0

==========================================================================
global route max_cap_violation_count
--------------------------------------------------------------------------
max cap violation count 0

==========================================================================
global route setup_violation_count
--------------------------------------------------------------------------
setup violation count 0

==========================================================================
global route hold_violation_count
--------------------------------------------------------------------------
hold violation count 0

==========================================================================
global route critical path delay
--------------------------------------------------------------------------
-1

==========================================================================
global route critical path slack
--------------------------------------------------------------------------
0

==========================================================================
global route slack div critical path delay
--------------------------------------------------------------------------
0.000000

==========================================================================
global route report_power
--------------------------------------------------------------------------
Group                  Internal  Switching    Leakage      Total
                          Power      Power      Power      Power (Watts)
----------------------------------------------------------------
Sequential             0.00e+00   0.00e+00   0.00e+00   0.00e+00   0.0%
Combinational          1.17e-04   1.60e-04   2.02e-09   2.77e-04 100.0%
Clock                  0.00e+00   0.00e+00   0.00e+00   0.00e+00   0.0%
Macro                  0.00e+00   0.00e+00   0.00e+00   0.00e+00   0.0%
Pad                    0.00e+00   0.00e+00   0.00e+00   0.00e+00   0.0%
----------------------------------------------------------------
Total                  1.17e-04   1.60e-04   2.02e-09   2.77e-04 100.0%
                          42.2%      57.8%       0.0%
