
==========================================================================
global place report_tns
--------------------------------------------------------------------------
tns max 0.00

==========================================================================
global place report_wns
--------------------------------------------------------------------------
wns max 0.00

==========================================================================
global place report_worst_slack
--------------------------------------------------------------------------
worst slack max INF

==========================================================================
global place report_clock_min_period
--------------------------------------------------------------------------
virt period_min = 0.00 fmax = inf

==========================================================================
global place report_checks -path_delay min
--------------------------------------------------------------------------
No paths found.

==========================================================================
global place report_checks -path_delay max
--------------------------------------------------------------------------
No paths found.

==========================================================================
global place report_checks -unconstrained
--------------------------------------------------------------------------
Startpoint: opcode[0] (input port)
Endpoint: output10/X (internal pin)
Path Group: unconstrained
Path Type: max

Fanout     Cap    Slew   Delay    Time   Description
-----------------------------------------------------------------------------
                          0.00    0.00 ^ input external delay
     1    0.00    0.00    0.00    0.00 ^ opcode[0] (in)
                                         opcode[0] (net)
                  0.00    0.00    0.00 ^ input5/A (sky130_fd_sc_hd__clkdlybuf4s50_1)
     9    0.03    0.32    0.66    0.66 ^ input5/X (sky130_fd_sc_hd__clkdlybuf4s50_1)
                                         net5 (net)
                  0.32    0.00    0.66 ^ _24_/C_N (sky130_fd_sc_hd__nor3b_4)
     4    0.01    0.21    0.30    0.95 ^ _24_/Y (sky130_fd_sc_hd__nor3b_4)
                                         _04_ (net)
                  0.21    0.00    0.95 ^ _31_/A1 (sky130_fd_sc_hd__a21oi_1)
     1    0.00    0.08    0.10    1.05 v _31_/Y (sky130_fd_sc_hd__a21oi_1)
                                         _10_ (net)
                  0.08    0.00    1.05 v _32_/A1 (sky130_fd_sc_hd__mux2i_1)
     1    0.00    0.12    0.14    1.20 ^ _32_/Y (sky130_fd_sc_hd__mux2i_1)
                                         net10 (net)
                  0.12    0.00    1.20 ^ output10/A (sky130_fd_sc_hd__clkdlybuf4s50_1)
     0    0.00    0.04    0.48    1.68 ^ output10/X (sky130_fd_sc_hd__clkdlybuf4s50_1)
                                         ALUControl[1] (net)
                                  1.68   data arrival time
-----------------------------------------------------------------------------
(Path is unconstrained)



==========================================================================
global place report_power
--------------------------------------------------------------------------
Group                  Internal  Switching    Leakage      Total
                          Power      Power      Power      Power (Watts)
----------------------------------------------------------------
Sequential             0.00e+00   0.00e+00   0.00e+00   0.00e+00   0.0%
Combinational          8.09e-06   4.62e-06   1.35e-10   1.27e-05 100.0%
Clock                  0.00e+00   0.00e+00   0.00e+00   0.00e+00   0.0%
Macro                  0.00e+00   0.00e+00   0.00e+00   0.00e+00   0.0%
Pad                    0.00e+00   0.00e+00   0.00e+00   0.00e+00   0.0%
----------------------------------------------------------------
Total                  8.09e-06   4.62e-06   1.35e-10   1.27e-05 100.0%
                          63.7%      36.3%       0.0%
