
==========================================================================
cts final report_tns
--------------------------------------------------------------------------
tns max 0.00

==========================================================================
cts final report_wns
--------------------------------------------------------------------------
wns max 0.00

==========================================================================
cts final report_worst_slack
--------------------------------------------------------------------------
worst slack max INF

==========================================================================
cts final report_clock_min_period
--------------------------------------------------------------------------
virt period_min = 0.00 fmax = inf

==========================================================================
cts final report_clock_skew
--------------------------------------------------------------------------
Clock virt
No launch/capture paths found.


==========================================================================
cts final report_checks -path_delay min
--------------------------------------------------------------------------
No paths found.

==========================================================================
cts final report_checks -path_delay max
--------------------------------------------------------------------------
No paths found.

==========================================================================
cts final report_checks -unconstrained
--------------------------------------------------------------------------
Startpoint: opcode[0] (input port)
Endpoint: ALUControl[1] (output port)
Path Group: unconstrained
Path Type: max

Fanout     Cap    Slew   Delay    Time   Description
-----------------------------------------------------------------------------
                          0.00    0.00 ^ input external delay
     1    0.00    0.00    0.00    0.00 ^ opcode[0] (in)
                                         opcode[0] (net)
                  0.00    0.00    0.00 ^ input5/A (sky130_fd_sc_hd__clkdlybuf4s50_1)
     9    0.03    0.33    0.66    0.66 ^ input5/X (sky130_fd_sc_hd__clkdlybuf4s50_1)
                                         net5 (net)
                  0.33    0.00    0.66 ^ _24_/C_N (sky130_fd_sc_hd__nor3b_4)
     4    0.01    0.21    0.30    0.96 ^ _24_/Y (sky130_fd_sc_hd__nor3b_4)
                                         _04_ (net)
                  0.21    0.00    0.96 ^ _28_/B (sky130_fd_sc_hd__nand3_1)
     1    0.00    0.08    0.11    1.07 v _28_/Y (sky130_fd_sc_hd__nand3_1)
                                         _07_ (net)
                  0.08    0.00    1.07 v _32_/A0 (sky130_fd_sc_hd__mux2i_1)
     1    0.00    0.13    0.14    1.21 ^ _32_/Y (sky130_fd_sc_hd__mux2i_1)
                                         net10 (net)
                  0.13    0.00    1.21 ^ output10/A (sky130_fd_sc_hd__clkdlybuf4s50_1)
     1    0.00    0.03    0.47    1.68 ^ output10/X (sky130_fd_sc_hd__clkdlybuf4s50_1)
                                         ALUControl[1] (net)
                  0.03    0.00    1.68 ^ ALUControl[1] (out)
                                  1.68   data arrival time
-----------------------------------------------------------------------------
(Path is unconstrained)



==========================================================================
cts final report_check_types -max_slew -max_cap -max_fanout -violators
--------------------------------------------------------------------------

==========================================================================
cts final max_slew_check_slack
--------------------------------------------------------------------------
1.1653138399124146

==========================================================================
cts final max_slew_check_limit
--------------------------------------------------------------------------
1.4953149557113647

==========================================================================
cts final max_slew_check_slack_limit
--------------------------------------------------------------------------
0.7793

==========================================================================
cts final max_fanout_check_slack
--------------------------------------------------------------------------
1.0000000150474662e+30

==========================================================================
cts final max_fanout_check_limit
--------------------------------------------------------------------------
1.0000000150474662e+30

==========================================================================
cts final max_capacitance_check_slack
--------------------------------------------------------------------------
0.043916959315538406

==========================================================================
cts final max_capacitance_check_limit
--------------------------------------------------------------------------
0.052195001393556595

==========================================================================
cts final max_capacitance_check_slack_limit
--------------------------------------------------------------------------
0.8414

==========================================================================
cts final max_slew_violation_count
--------------------------------------------------------------------------
max slew violation count 0

==========================================================================
cts final max_fanout_violation_count
--------------------------------------------------------------------------
max fanout violation count 0

==========================================================================
cts final max_cap_violation_count
--------------------------------------------------------------------------
max cap violation count 0

==========================================================================
cts final setup_violation_count
--------------------------------------------------------------------------
setup violation count 0

==========================================================================
cts final hold_violation_count
--------------------------------------------------------------------------
hold violation count 0

==========================================================================
cts final critical path delay
--------------------------------------------------------------------------
-1

==========================================================================
cts final critical path slack
--------------------------------------------------------------------------
0

==========================================================================
cts final slack div critical path delay
--------------------------------------------------------------------------
0.000000

==========================================================================
cts final report_power
--------------------------------------------------------------------------
Group                  Internal  Switching    Leakage      Total
                          Power      Power      Power      Power (Watts)
----------------------------------------------------------------
Sequential             0.00e+00   0.00e+00   0.00e+00   0.00e+00   0.0%
Combinational          8.09e-06   4.62e-06   1.35e-10   1.27e-05 100.0%
Clock                  0.00e+00   0.00e+00   0.00e+00   0.00e+00   0.0%
Macro                  0.00e+00   0.00e+00   0.00e+00   0.00e+00   0.0%
Pad                    0.00e+00   0.00e+00   0.00e+00   0.00e+00   0.0%
----------------------------------------------------------------
Total                  8.09e-06   4.62e-06   1.35e-10   1.27e-05 100.0%
                          63.7%      36.3%       0.0%
