
==========================================================================
finish report_tns
--------------------------------------------------------------------------
tns max 0.00

==========================================================================
finish report_wns
--------------------------------------------------------------------------
wns max 0.00

==========================================================================
finish report_worst_slack
--------------------------------------------------------------------------
worst slack max INF

==========================================================================
finish report_clock_min_period
--------------------------------------------------------------------------
virt period_min = 0.00 fmax = inf

==========================================================================
finish report_clock_skew
--------------------------------------------------------------------------
Clock virt
No launch/capture paths found.


==========================================================================
finish report_checks -path_delay min
--------------------------------------------------------------------------
No paths found.

==========================================================================
finish report_checks -path_delay max
--------------------------------------------------------------------------
No paths found.

==========================================================================
finish report_checks -unconstrained
--------------------------------------------------------------------------
Startpoint: opcode[0] (input port)
Endpoint: ALUControl[1] (output port)
Path Group: unconstrained
Path Type: max

Fanout     Cap    Slew   Delay    Time   Description
-----------------------------------------------------------------------------
                          0.00    0.00 ^ input external delay
     1    0.00    0.00    0.00    0.00 ^ opcode[0] (in)
                                         opcode[0] (net)
                  0.00    0.00    0.00 ^ input5/A (sky130_fd_sc_hd__clkdlybuf4s50_1)
     9    0.03    0.32    0.66    0.66 ^ input5/X (sky130_fd_sc_hd__clkdlybuf4s50_1)
                                         net5 (net)
                  0.32    0.00    0.66 ^ _24_/C_N (sky130_fd_sc_hd__nor3b_4)
     4    0.01    0.21    0.30    0.95 ^ _24_/Y (sky130_fd_sc_hd__nor3b_4)
                                         _04_ (net)
                  0.21    0.00    0.96 ^ _31_/A1 (sky130_fd_sc_hd__a21oi_1)
     1    0.00    0.08    0.10    1.05 v _31_/Y (sky130_fd_sc_hd__a21oi_1)
                                         _10_ (net)
                  0.08    0.00    1.05 v _32_/A1 (sky130_fd_sc_hd__mux2i_1)
     1    0.00    0.12    0.15    1.20 ^ _32_/Y (sky130_fd_sc_hd__mux2i_1)
                                         net10 (net)
                  0.12    0.00    1.20 ^ output10/A (sky130_fd_sc_hd__clkdlybuf4s50_1)
     1    0.00    0.03    0.47    1.67 ^ output10/X (sky130_fd_sc_hd__clkdlybuf4s50_1)
                                         ALUControl[1] (net)
                  0.03    0.00    1.67 ^ ALUControl[1] (out)
                                  1.67   data arrival time
-----------------------------------------------------------------------------
(Path is unconstrained)



==========================================================================
finish report_check_types -max_slew -max_cap -max_fanout -violators
--------------------------------------------------------------------------

==========================================================================
finish max_slew_check_slack
--------------------------------------------------------------------------
1.172838568687439

==========================================================================
finish max_slew_check_limit
--------------------------------------------------------------------------
1.4953149557113647

==========================================================================
finish max_slew_check_slack_limit
--------------------------------------------------------------------------
0.7843

==========================================================================
finish max_fanout_check_slack
--------------------------------------------------------------------------
1.0000000150474662e+30

==========================================================================
finish max_fanout_check_limit
--------------------------------------------------------------------------
1.0000000150474662e+30

==========================================================================
finish max_capacitance_check_slack
--------------------------------------------------------------------------
0.043678972870111465

==========================================================================
finish max_capacitance_check_limit
--------------------------------------------------------------------------
0.052195001393556595

==========================================================================
finish max_capacitance_check_slack_limit
--------------------------------------------------------------------------
0.8368

==========================================================================
finish max_slew_violation_count
--------------------------------------------------------------------------
max slew violation count 0

==========================================================================
finish max_fanout_violation_count
--------------------------------------------------------------------------
max fanout violation count 0

==========================================================================
finish max_cap_violation_count
--------------------------------------------------------------------------
max cap violation count 0

==========================================================================
finish setup_violation_count
--------------------------------------------------------------------------
setup violation count 0

==========================================================================
finish hold_violation_count
--------------------------------------------------------------------------
hold violation count 0

==========================================================================
finish critical path delay
--------------------------------------------------------------------------
-1

==========================================================================
finish critical path slack
--------------------------------------------------------------------------
0

==========================================================================
finish slack div critical path delay
--------------------------------------------------------------------------
0.000000

==========================================================================
finish report_power
--------------------------------------------------------------------------
Group                  Internal  Switching    Leakage      Total
                          Power      Power      Power      Power (Watts)
----------------------------------------------------------------
Sequential             0.00e+00   0.00e+00   0.00e+00   0.00e+00   0.0%
Combinational          8.08e-06   4.53e-06   1.35e-10   1.26e-05 100.0%
Clock                  0.00e+00   0.00e+00   0.00e+00   0.00e+00   0.0%
Macro                  0.00e+00   0.00e+00   0.00e+00   0.00e+00   0.0%
Pad                    0.00e+00   0.00e+00   0.00e+00   0.00e+00   0.0%
----------------------------------------------------------------
Total                  8.08e-06   4.53e-06   1.35e-10   1.26e-05 100.0%
                          64.1%      35.9%       0.0%
